// Jest Snapshot v1, https://goo.gl/fbAQLP

exports[`Pruebas con <PrimeraApp /> debe de mostrar <PrimeraApp /> correctamente 1`] = `
<Fragment>
  <h1>
    Hola soy ,luis
  </h1>
  <p>
     
  </p>
</Fragment>
`;
